DaeSystem {
    unknowns: {
        sim_node0: node0,
        sim_node1: node1,
        sim_node2: node2,
        sim_node3: node3,
    },
    residual: {
        sim_node0: Residual {
            resist: v404,
            react: v405,
            resist_small_signal: v3,
            react_small_signal: v3,
            resist_lim_rhs: v3,
            react_lim_rhs: v3,
        },
        sim_node1: Residual {
            resist: v598,
            react: v3,
            resist_small_signal: v3,
            react_small_signal: v3,
            resist_lim_rhs: v3,
            react_lim_rhs: v3,
        },
        sim_node2: Residual {
            resist: v411,
            react: v3,
            resist_small_signal: v3,
            react_small_signal: v3,
            resist_lim_rhs: v3,
            react_lim_rhs: v3,
        },
        sim_node3: Residual {
            resist: v601,
            react: v603,
            resist_small_signal: v3,
            react_small_signal: v3,
            resist_lim_rhs: v3,
            react_lim_rhs: v3,
        },
    },
    jacobian: {
        j0: MatrixEntry {
            row: sim_node0,
            col: sim_node0,
            resist: v578,
            react: v579,
        },
        j1: MatrixEntry {
            row: sim_node0,
            col: sim_node2,
            resist: v574,
            react: v575,
        },
        j2: MatrixEntry {
            row: sim_node0,
            col: sim_node3,
            resist: v612,
            react: v614,
        },
        j3: MatrixEntry {
            row: sim_node1,
            col: sim_node1,
            resist: v616,
            react: v3,
        },
        j4: MatrixEntry {
            row: sim_node1,
            col: sim_node2,
            resist: v580,
            react: v3,
        },
        j5: MatrixEntry {
            row: sim_node1,
            col: sim_node3,
            resist: v582,
            react: v3,
        },
        j6: MatrixEntry {
            row: sim_node2,
            col: sim_node0,
            resist: v585,
            react: v3,
        },
        j7: MatrixEntry {
            row: sim_node2,
            col: sim_node1,
            resist: v621,
            react: v3,
        },
        j8: MatrixEntry {
            row: sim_node2,
            col: sim_node2,
            resist: v583,
            react: v3,
        },
        j9: MatrixEntry {
            row: sim_node2,
            col: sim_node3,
            resist: v624,
            react: v3,
        },
        j10: MatrixEntry {
            row: sim_node3,
            col: sim_node0,
            resist: v592,
            react: v593,
        },
        j11: MatrixEntry {
            row: sim_node3,
            col: sim_node1,
            resist: v628,
            react: v3,
        },
        j12: MatrixEntry {
            row: sim_node3,
            col: sim_node2,
            resist: v588,
            react: v589,
        },
        j13: MatrixEntry {
            row: sim_node3,
            col: sim_node3,
            resist: v632,
            react: v634,
        },
    },
    small_signal_parameters: {},
    noise_sources: [
        NoiseSource {
            name: Spur(2),
            kind: FlickerNoise {
                pwr: v374,
                exp: v6,
            },
            hi: sim_node0,
            lo: Some(
                sim_node3,
            ),
            factor: v403,
        },
        NoiseSource {
            name: Spur(3),
            kind: WhiteNoise {
                pwr: v402,
            },
            hi: sim_node3,
            lo: Some(
                sim_node1,
            ),
            factor: v607,
        },
    ],
    model_inputs: [
        (
            0,
            3,
        ),
        (
            3,
            1,
        ),
    ],
    num_resistive: 14,
    num_reactive: 6,
}